// Jest Snapshot v1, https://goo.gl/fbAQLP

exports[`About component renders the about us correctly 1`] = `
<div
  style={
    Object {
      "minHeight": 700,
      "padding": "8em 0em",
    }
  }
>
  <div
    className="ui container stackable grid"
  >
    <div
      className="row"
    >
      <div
        className="column"
      >
        <h2
          className="ui left aligned header"
        >
          About Us
        </h2>
        <div
          className="ui divider"
        />
        <p
          style={
            Object {
              "fontSize": "1.33em",
            }
          }
        >
          We are a group of people, who are working 100% to bring lawyers and inventors on one platform to make their work easier for both the parties, while minimizing the costs due to third parties...
        </p>
      </div>
    </div>
  </div>
</div>
`;
